// Jest Snapshot v1, https://goo.gl/fbAQLP

exports[`home-component.vue renders props.msg when passed 1`] = `
<div class="home">
  <h1>test name</h1>
</div>
`;
